running egg_info
creating ../../build/power_nav_robot/power_nav_robot.egg-info
writing ../../build/power_nav_robot/power_nav_robot.egg-info/PKG-INFO
writing dependency_links to ../../build/power_nav_robot/power_nav_robot.egg-info/dependency_links.txt
writing requirements to ../../build/power_nav_robot/power_nav_robot.egg-info/requires.txt
writing top-level names to ../../build/power_nav_robot/power_nav_robot.egg-info/top_level.txt
writing manifest file '../../build/power_nav_robot/power_nav_robot.egg-info/SOURCES.txt'
reading manifest file '../../build/power_nav_robot/power_nav_robot.egg-info/SOURCES.txt'
adding license file 'LICENSE'
writing manifest file '../../build/power_nav_robot/power_nav_robot.egg-info/SOURCES.txt'
running build
running build_py
creating /home/pate/Рабочий стол/Practice_PP/ws_ros2/build/power_nav_robot/build
creating /home/pate/Рабочий стол/Practice_PP/ws_ros2/build/power_nav_robot/build/lib
creating /home/pate/Рабочий стол/Practice_PP/ws_ros2/build/power_nav_robot/build/lib/power_nav_robot
copying power_nav_robot/__init__.py -> /home/pate/Рабочий стол/Practice_PP/ws_ros2/build/power_nav_robot/build/lib/power_nav_robot
running install
running install_lib
creating /home/pate/Рабочий стол/Practice_PP/ws_ros2/install/power_nav_robot/lib/python3.12/site-packages/power_nav_robot
copying /home/pate/Рабочий стол/Practice_PP/ws_ros2/build/power_nav_robot/build/lib/power_nav_robot/__init__.py -> /home/pate/Рабочий стол/Practice_PP/ws_ros2/install/power_nav_robot/lib/python3.12/site-packages/power_nav_robot
byte-compiling /home/pate/Рабочий стол/Practice_PP/ws_ros2/install/power_nav_robot/lib/python3.12/site-packages/power_nav_robot/__init__.py to __init__.cpython-312.pyc
running install_data
creating /home/pate/Рабочий стол/Practice_PP/ws_ros2/install/power_nav_robot/share/ament_index
creating /home/pate/Рабочий стол/Practice_PP/ws_ros2/install/power_nav_robot/share/ament_index/resource_index
creating /home/pate/Рабочий стол/Practice_PP/ws_ros2/install/power_nav_robot/share/ament_index/resource_index/packages
copying resource/power_nav_robot -> /home/pate/Рабочий стол/Practice_PP/ws_ros2/install/power_nav_robot/share/ament_index/resource_index/packages
copying package.xml -> /home/pate/Рабочий стол/Practice_PP/ws_ros2/install/power_nav_robot/share/power_nav_robot
running install_egg_info
Copying ../../build/power_nav_robot/power_nav_robot.egg-info to /home/pate/Рабочий стол/Practice_PP/ws_ros2/install/power_nav_robot/lib/python3.12/site-packages/power_nav_robot-0.0.0-py3.12.egg-info
running install_scripts
writing list of installed files to '/home/pate/Рабочий стол/Practice_PP/ws_ros2/build/power_nav_robot/install.log'
