[0.931s] Invoking command in '/home/pate/Рабочий стол/Practice_PP/ws_ros2/src/power_nav_robot': DEBUGINFOD_URLS=https://debuginfod.ubuntu.com PYTHONPATH=/home/pate/Рабочий стол/Practice_PP/ws_ros2/build/power_nav_robot/prefix_override:/usr/lib/python3/dist-packages/colcon_core/task/python/colcon_distutils_commands:/home/pate/Рабочий стол/Practice_PP/ws_ros2/install/power_nav_robot/lib/python3.12/site-packages:${PYTHONPATH} /usr/bin/python3 -W ignore:setup.py install is deprecated -W ignore:easy_install command is deprecated setup.py egg_info --egg-base ../../build/power_nav_robot build --build-base /home/pate/Рабочий стол/Practice_PP/ws_ros2/build/power_nav_robot/build install --record /home/pate/Рабочий стол/Practice_PP/ws_ros2/build/power_nav_robot/install.log --single-version-externally-managed install_data
[1.167s] running egg_info
[1.185s] writing ../../build/power_nav_robot/power_nav_robot.egg-info/PKG-INFO
[1.185s] writing dependency_links to ../../build/power_nav_robot/power_nav_robot.egg-info/dependency_links.txt
[1.186s] writing requirements to ../../build/power_nav_robot/power_nav_robot.egg-info/requires.txt
[1.186s] writing top-level names to ../../build/power_nav_robot/power_nav_robot.egg-info/top_level.txt
[1.224s] reading manifest file '../../build/power_nav_robot/power_nav_robot.egg-info/SOURCES.txt'
[1.225s] adding license file 'LICENSE'
[1.225s] writing manifest file '../../build/power_nav_robot/power_nav_robot.egg-info/SOURCES.txt'
[1.225s] running build
[1.226s] running build_py
[1.226s] running install
[1.231s] running install_lib
[1.250s] running install_data
[1.250s] running install_egg_info
[1.270s] removing '/home/pate/Рабочий стол/Practice_PP/ws_ros2/install/power_nav_robot/lib/python3.12/site-packages/power_nav_robot-0.0.0-py3.12.egg-info' (and everything under it)
[1.270s] Copying ../../build/power_nav_robot/power_nav_robot.egg-info to /home/pate/Рабочий стол/Practice_PP/ws_ros2/install/power_nav_robot/lib/python3.12/site-packages/power_nav_robot-0.0.0-py3.12.egg-info
[1.271s] running install_scripts
[1.396s] writing list of installed files to '/home/pate/Рабочий стол/Practice_PP/ws_ros2/build/power_nav_robot/install.log'
[1.427s] Invoked command in '/home/pate/Рабочий стол/Practice_PP/ws_ros2/src/power_nav_robot' returned '0': DEBUGINFOD_URLS=https://debuginfod.ubuntu.com PYTHONPATH=/home/pate/Рабочий стол/Practice_PP/ws_ros2/build/power_nav_robot/prefix_override:/usr/lib/python3/dist-packages/colcon_core/task/python/colcon_distutils_commands:/home/pate/Рабочий стол/Practice_PP/ws_ros2/install/power_nav_robot/lib/python3.12/site-packages:${PYTHONPATH} /usr/bin/python3 -W ignore:setup.py install is deprecated -W ignore:easy_install command is deprecated setup.py egg_info --egg-base ../../build/power_nav_robot build --build-base /home/pate/Рабочий стол/Practice_PP/ws_ros2/build/power_nav_robot/build install --record /home/pate/Рабочий стол/Practice_PP/ws_ros2/build/power_nav_robot/install.log --single-version-externally-managed install_data
